
[pgpool 모니터링]

백엔드 노드 상태 모니터링
[postgres@pgpool_manager etc]$ pcp_node_info -U postgres -W
Password:
172.20.0.121 5432 2 0.500000 up up primary primary 0 none none 2025-02-02 07:56:31
172.20.0.122 5432 2 0.500000 up up standby standby 0 none none 2025-02-02 07:56:31

IP 주소 (172.20.0.121, 172.20.0.122): 각 노드의 IP 주소입니다. 두 노드가 클러스터 내에서 동작하고 있음을 알 수 있습니다.
포트 (5432): PostgreSQL의 기본 포트 번호입니다. 두 노드 모두 동일한 포트에서 서비스되고 있음을 나타냅니다.
노드 ID (2):노드의 고유 식별자입니다. 각 노드는 고유 번호를 가지고 있습니다.
요청량 (0.500000):노드에 대한 요청량이나 부하 정도를 나타낼 수 있는 값으로, 여기서는 0.5로 보입니다. 이는 특정 지표에 대한 상대적 수치일 수 있습니다.
상태 (up, up):첫 번째 노드는 "up" 상태로, 활성화되어 정상 작동하고 있다는 의미입니다.
                  두 번째 노드는 "up" 상태로, 역시 정상 작동 중입니다.
역할 (primary, standby): 첫 번째 노드는 "primary"로 설정되어 있어, 주 노드(마스터) 역할을 하고 있음을 알 수 있습니다.
                                 두 번째 노드는 "standby"로 설정되어 있어, 보조 노드(슬레이브) 역할을 하고 있음을 나타냅니다.
슬레이브 번호 (0): 두 노드 모두 "0"으로 표시되어 있는데, 이는 보조 노드가 없는 상태일 수 있습니다. 주 노드와 보조 노드 간 복제 관계에 대한 정보일 수 있습니다.
복제 상태 (none, none): 복제 상태 정보가 "none"으로 되어 있습니다. 이는 복제 상태가 활성화되지 않았거나 특정 설정이 없다는 것을 의미할 수 있습니다.
시간 (2025-02-02 07:56:31): 조회 결과가 기록된 시각입니다. 두 노드 모두 같은 시각에 조회되었음을 알 수 있습니다.

PGPOOL 설정값 모니터링(인듯)
[postgres@pgpool_manager etc]$ pcp_pool_status -U postgres -W
Password:
name : backend_clustering_mode
value: 1
desc : clustering mode

name : listen_addresses
value: *
desc : host name(s) or IP address(es) to listen on

name : port
value: 9999
desc : pgpool accepting port number

name : unix_socket_directories
value: /tmp
desc : pgpool socket directories

백엔드 노드 수 카운트
[postgres@pgpool_manager etc]$ pcp_node_count -U postgres -W
Password:
2





[DB01 DB내리고 로그 찍히는 거 확인]
[postgres@pgpool_db01 ~]$ pg_ctl stop
waiting for server to shut down.... done
server stopped
[postgres@pgpool_db01 ~]$ pg_ctl start


pgpool 로그
2025-02-02 09:48:06.477: health_check0 pid 231: LOG:  failed to connect to PostgreSQL server on "172.20.0.121:5432", getsockopt() failed
2025-02-02 09:48:06.477: health_check0 pid 231: DETAIL:  Operation now in progress
2025-02-02 09:48:06.478: health_check0 pid 231: LOG:  health check retrying on DB node: 0 (round:1)
2025-02-02 09:48:06.611: sr_check_worker pid 230: LOG:  failed to connect to PostgreSQL server on "172.20.0.121:5432", getsockopt() failed
2025-02-02 09:48:06.612: sr_check_worker pid 230: DETAIL:  Operation now in progress
2025-02-02 09:48:07.477: health_check0 pid 231: LOG:  failed to connect to PostgreSQL server on "172.20.0.121:5432", getsockopt() failed
2025-02-02 09:48:07.477: health_check0 pid 231: DETAIL:  Operation now in progress
2025-02-02 09:48:07.477: health_check0 pid 231: LOG:  health check retrying on DB node: 0 (round:2)
2025-02-02 09:48:08.477: health_check0 pid 231: LOG:  failed to connect to PostgreSQL server on "172.20.0.121:5432", getsockopt() failed
2025-02-02 09:48:08.477: health_check0 pid 231: DETAIL:  Operation now in progress
2025-02-02 09:48:08.477: health_check0 pid 231: LOG:  health check retrying on DB node: 0 (round:3)
2025-02-02 09:48:09.477: health_check0 pid 231: LOG:  failed to connect to PostgreSQL server on "172.20.0.121:5432", getsockopt() failed
2025-02-02 09:48:09.477: health_check0 pid 231: DETAIL:  Operation now in progress
2025-02-02 09:48:09.478: health_check0 pid 231: LOG:  health check retrying on DB node: 0 (round:4)
2025-02-02 09:48:10.478: health_check0 pid 231: LOG:  failed to connect to PostgreSQL server on "172.20.0.121:5432", getsockopt() failed
2025-02-02 09:48:10.478: health_check0 pid 231: DETAIL:  Operation now in progress
2025-02-02 09:48:10.478: health_check0 pid 231: LOG:  health check retrying on DB node: 0 (round:5)
2025-02-02 09:48:11.478: health_check0 pid 231: LOG:  failed to connect to PostgreSQL server on "172.20.0.121:5432", getsockopt() failed
2025-02-02 09:48:11.478: health_check0 pid 231: DETAIL:  Operation now in progress
2025-02-02 09:48:11.478: health_check0 pid 231: LOG:  health check retrying on DB node: 0 (round:6)
2025-02-02 09:48:12.478: health_check0 pid 231: LOG:  failed to connect to PostgreSQL server on "172.20.0.121:5432", getsockopt() failed
2025-02-02 09:48:12.478: health_check0 pid 231: DETAIL:  Operation now in progress
2025-02-02 09:48:12.478: health_check0 pid 231: LOG:  health check retrying on DB node: 0 (round:7)
2025-02-02 09:48:13.479: health_check0 pid 231: LOG:  failed to connect to PostgreSQL server on "172.20.0.121:5432", getsockopt() failed
2025-02-02 09:48:13.479: health_check0 pid 231: DETAIL:  Operation now in progress
2025-02-02 09:48:13.479: health_check0 pid 231: LOG:  health check retrying on DB node: 0 (round:8)
2025-02-02 09:48:14.479: health_check0 pid 231: LOG:  failed to connect to PostgreSQL server on "172.20.0.121:5432", getsockopt() failed
2025-02-02 09:48:14.479: health_check0 pid 231: DETAIL:  Operation now in progress
2025-02-02 09:48:14.479: health_check0 pid 231: LOG:  health check retrying on DB node: 0 (round:9)
2025-02-02 09:48:15.479: health_check0 pid 231: LOG:  failed to connect to PostgreSQL server on "172.20.0.121:5432", getsockopt() failed
2025-02-02 09:48:15.479: health_check0 pid 231: DETAIL:  Operation now in progress
2025-02-02 09:48:15.479: health_check0 pid 231: LOG:  health check retrying on DB node: 0 (round:10)
2025-02-02 09:48:16.479: health_check0 pid 231: LOG:  failed to connect to PostgreSQL server on "172.20.0.121:5432", getsockopt() failed
2025-02-02 09:48:16.479: health_check0 pid 231: DETAIL:  Operation now in progress
2025-02-02 09:48:16.480: health_check0 pid 231: LOG:  health check failed on node 0 (timeout:0)
2025-02-02 09:48:16.480: health_check0 pid 231: LOG:  received degenerate backend request for node_id: 0 from pid [231]
2025-02-02 09:48:16.480: health_check0 pid 231: LOG:  signal_user1_to_parent_with_reason(0)
2025-02-02 09:48:16.480: main pid 194: LOG:  Pgpool-II parent process received SIGUSR1
2025-02-02 09:48:16.480: main pid 194: LOG:  Pgpool-II parent process has received failover request
2025-02-02 09:48:16.480: main pid 194: LOG:  === Starting degeneration. shutdown host 172.20.0.121(5432) ===
2025-02-02 09:48:16.484: main pid 194: LOG:  Restart all children
2025-02-02 09:48:16.484: main pid 194: LOG:  find_primary_node_repeatedly: waiting for finding a primary node
2025-02-02 09:48:16.484: main pid 194: LOG:  failover: set new primary node: 0
2025-02-02 09:48:16.484: main pid 194: LOG:  failover: set new main node: 1
2025-02-02 09:48:16.489: main pid 194: LOG:  === Failover done. shutdown host 172.20.0.121(5432) ===
2025-02-02 09:48:16.489: sr_check_worker pid 230: ERROR:  Failed to check replication time lag
2025-02-02 09:48:16.489: sr_check_worker pid 230: DETAIL:  No persistent db connection for the node 0
2025-02-02 09:48:16.489: sr_check_worker pid 230: HINT:  check sr_check_user and sr_check_password
2025-02-02 09:48:16.489: sr_check_worker pid 230: CONTEXT:  while checking replication time lag
2025-02-02 09:48:16.489: sr_check_worker pid 230: LOG:  worker process received restart request
2025-02-02 09:48:17.489: pcp_main pid 229: LOG:  restart request received in pcp child process
2025-02-02 09:48:17.490: main pid 194: LOG:  PCP child 229 exits with status 0 in failover()
2025-02-02 09:48:17.490: main pid 194: LOG:  fork a new PCP child pid 275 in failover()

노드상태 확인
[postgres@pgpool_manager ~]$ pcp_node_info -U postgres -W
Password:
172.20.0.121 5432 3 0.500000 down down primary unknown 0 none none 2025-02-02 09:48:16
172.20.0.122 5432 2 0.500000 up up standby standby 0 none none 2025-02-02 09:44:46

db01 기동 후 이중화 확인
[postgres@pgpool_db01 ~]$ pg_ctl start
postgres=# select * from pg_stat_replication;
 pid | usesysid | usename | application_name | client_addr  | client_hostname | client_port |         backend_start         | backend_xmin |   state   | sent_lsn  | write_lsn | flush_lsn | replay_lsn |   write
_lag    |    flush_lag    |   replay_lag    | sync_priority | sync_state |          reply_time
-----+----------+---------+------------------+--------------+-----------------+-------------+-------------------------------+--------------+-----------+-----------+-----------+-----------+------------+--------
--------+-----------------+-----------------+---------------+------------+-------------------------------
 191 |    16384 | repuser | walreceiver      | 172.20.0.122 |                 |       47318 | 2025-02-02 09:49:26.490597+00 |              | streaming | 0/3027188 | 0/3027188 | 0/3027188 | 0/3027188  | 00:00:0
0.00025 | 00:00:00.001002 | 00:00:00.001119 |             0 | async      | 2025-02-02 09:49:39.484869+00
(1 row)

노드상태 확인
[postgres@pgpool_manager ~]$ pcp_node_info -U postgres -W
Password:
172.20.0.121 5432 3 0.500000 down up primary primary 0 none none 2025-02-02 09:48:16
172.20.0.122 5432 2 0.500000 up up standby standby 0 none none 2025-02-02 09:44:46

01노드 붙이고 재확인
[postgres@pgpool_manager ~]$ pcp_attach_node -n 0 -U postgres -W
Password:
pcp_attach_node -- Command Successful
[postgres@pgpool_manager ~]$ pcp_node_info -U postgres -W
Password:
172.20.0.121 5432 1 0.500000 waiting up primary primary 0 none none 2025-02-02 09:52:24
172.20.0.122 5432 2 0.500000 up up standby standby 0 none none 2025-02-02 09:51:01

DBeaver 쿼리 날리고 재확인
[postgres@pgpool_manager ~]$ pcp_node_info -U postgres -W
Password:
172.20.0.121 5432 2 0.500000 up up primary primary 0 none none 2025-02-02 09:54:20
172.20.0.122 5432 2 0.500000 up up standby standby 0 none none 2025-02-02 09:51:01


